Archive member included because of file (symbol)

.\CortexM0\ARM_GCC_493\Debug\Design01.a(cyfitter_cfg.o)
                              .\CortexM0\ARM_GCC_493\Debug\Cm0Start.o (cyfitter_cfg)
.\CortexM0\ARM_GCC_493\Debug\Design01.a(SCB_1.o)
                              .\CortexM0\ARM_GCC_493\Debug\main.o (SCB_1_Start)
.\CortexM0\ARM_GCC_493\Debug\Design01.a(SCB_1_SPI_UART.o)
                              .\CortexM0\ARM_GCC_493\Debug\main.o (SCB_1_SpiUartWriteTxData)
.\CortexM0\ARM_GCC_493\Debug\Design01.a(SCB_1_UART.o)
                              .\CortexM0\ARM_GCC_493\Debug\Design01.a(SCB_1.o) (SCB_1_UartInit)
.\CortexM0\ARM_GCC_493\Debug\Design01.a(TCPWM_1.o)
                              .\CortexM0\ARM_GCC_493\Debug\main.o (TCPWM_1_Start)
.\CortexM0\ARM_GCC_493\Debug\Design01.a(CyLib.o)
                              .\CortexM0\ARM_GCC_493\Debug\Design01.a(cyfitter_cfg.o) (CySysClkWriteImoFreq)
.\CortexM0\ARM_GCC_493\Debug\Design01.a(CyLFClk.o)
                              .\CortexM0\ARM_GCC_493\Debug\Design01.a(cyfitter_cfg.o) (CySysClkWcoStart)
.\CortexM0\ARM_GCC_493\Debug\Design01.a(CyBootAsmGnu.o)
                              .\CortexM0\ARM_GCC_493\Debug\Design01.a(cyfitter_cfg.o) (CyDelayCycles)
c:/program files (x86)/cypress/psoc creator/4.0/psoc creator/import/gnu/arm/4.9.3/bin/../lib/gcc/arm-none-eabi/4.9.3/armv6-m\libgcc.a(_udivsi3.o)
                              .\CortexM0\ARM_GCC_493\Debug\Design01.a(CyLib.o) (__aeabi_uidiv)
c:/program files (x86)/cypress/psoc creator/4.0/psoc creator/import/gnu/arm/4.9.3/bin/../lib/gcc/arm-none-eabi/4.9.3/armv6-m\libgcc.a(_divsi3.o)
                              .\CortexM0\ARM_GCC_493\Debug\main.o (__aeabi_idiv)
c:/program files (x86)/cypress/psoc creator/4.0/psoc creator/import/gnu/arm/4.9.3/bin/../lib/gcc/arm-none-eabi/4.9.3/armv6-m\libgcc.a(_dvmd_tls.o)
                              c:/program files (x86)/cypress/psoc creator/4.0/psoc creator/import/gnu/arm/4.9.3/bin/../lib/gcc/arm-none-eabi/4.9.3/armv6-m\libgcc.a(_udivsi3.o) (__aeabi_idiv0)
c:/program files (x86)/cypress/psoc creator/4.0/psoc creator/import/gnu/arm/4.9.3/bin/../lib/gcc/arm-none-eabi/4.9.3/armv6-m\libgcc.a(adddf3.o)
                              .\CortexM0\ARM_GCC_493\Debug\main.o (__aeabi_dadd)
c:/program files (x86)/cypress/psoc creator/4.0/psoc creator/import/gnu/arm/4.9.3/bin/../lib/gcc/arm-none-eabi/4.9.3/armv6-m\libgcc.a(divdf3.o)
                              .\CortexM0\ARM_GCC_493\Debug\main.o (__aeabi_ddiv)
c:/program files (x86)/cypress/psoc creator/4.0/psoc creator/import/gnu/arm/4.9.3/bin/../lib/gcc/arm-none-eabi/4.9.3/armv6-m\libgcc.a(muldf3.o)
                              .\CortexM0\ARM_GCC_493\Debug\main.o (__aeabi_dmul)
c:/program files (x86)/cypress/psoc creator/4.0/psoc creator/import/gnu/arm/4.9.3/bin/../lib/gcc/arm-none-eabi/4.9.3/armv6-m\libgcc.a(fixdfsi.o)
                              .\CortexM0\ARM_GCC_493\Debug\main.o (__aeabi_d2iz)
c:/program files (x86)/cypress/psoc creator/4.0/psoc creator/import/gnu/arm/4.9.3/bin/../lib/gcc/arm-none-eabi/4.9.3/armv6-m\libgcc.a(floatsidf.o)
                              .\CortexM0\ARM_GCC_493\Debug\main.o (__aeabi_i2d)
c:/program files (x86)/cypress/psoc creator/4.0/psoc creator/import/gnu/arm/4.9.3/bin/../lib/gcc/arm-none-eabi/4.9.3/armv6-m\libgcc.a(_clzsi2.o)
                              c:/program files (x86)/cypress/psoc creator/4.0/psoc creator/import/gnu/arm/4.9.3/bin/../lib/gcc/arm-none-eabi/4.9.3/armv6-m\libgcc.a(adddf3.o) (__clzsi2)
c:/program files (x86)/cypress/psoc creator/4.0/psoc creator/import/gnu/arm/4.9.3/bin/../lib/gcc/arm-none-eabi/4.9.3/../../../../arm-none-eabi/lib/armv6-m\libg_nano.a(lib_a-errno.o)
                              .\CortexM0\ARM_GCC_493\Debug\Cm0Start.o (__errno)
c:/program files (x86)/cypress/psoc creator/4.0/psoc creator/import/gnu/arm/4.9.3/bin/../lib/gcc/arm-none-eabi/4.9.3/../../../../arm-none-eabi/lib/armv6-m\libg_nano.a(lib_a-exit.o)
                              c:/program files (x86)/cypress/psoc creator/4.0/psoc creator/import/gnu/arm/4.9.3/bin/../lib/gcc/arm-none-eabi/4.9.3/../../../../arm-none-eabi/lib/armv6-m/crt0.o (exit)
c:/program files (x86)/cypress/psoc creator/4.0/psoc creator/import/gnu/arm/4.9.3/bin/../lib/gcc/arm-none-eabi/4.9.3/../../../../arm-none-eabi/lib/armv6-m\libg_nano.a(lib_a-impure.o)
                              c:/program files (x86)/cypress/psoc creator/4.0/psoc creator/import/gnu/arm/4.9.3/bin/../lib/gcc/arm-none-eabi/4.9.3/../../../../arm-none-eabi/lib/armv6-m\libg_nano.a(lib_a-exit.o) (_global_impure_ptr)
c:/program files (x86)/cypress/psoc creator/4.0/psoc creator/import/gnu/arm/4.9.3/bin/../lib/gcc/arm-none-eabi/4.9.3/../../../../arm-none-eabi/lib/armv6-m\libg_nano.a(lib_a-init.o)
                              c:/program files (x86)/cypress/psoc creator/4.0/psoc creator/import/gnu/arm/4.9.3/bin/../lib/gcc/arm-none-eabi/4.9.3/../../../../arm-none-eabi/lib/armv6-m/crt0.o (__libc_init_array)
[...]
Memory Configuration

Name             Origin             Length             Attributes
rom              0x00000000         0x00020000         xr
ram              0x20000000         0x00004000         xrw
*default*        0x00000000         0xffffffff

Linker script and memory map

LOAD c:/program files (x86)/cypress/psoc creator/4.0/psoc creator/import/gnu/arm/4.9.3/bin/../lib/gcc/arm-none-eabi/4.9.3/armv6-m/crti.o
LOAD c:/program files (x86)/cypress/psoc creator/4.0/psoc creator/import/gnu/arm/4.9.3/bin/../lib/gcc/arm-none-eabi/4.9.3/armv6-m/crtbegin.o
LOAD c:/program files (x86)/cypress/psoc creator/4.0/psoc creator/import/gnu/arm/4.9.3/bin/../lib/gcc/arm-none-eabi/4.9.3/../../../../arm-none-eabi/lib/armv6-m/crt0.o
START GROUP
LOAD .\CortexM0\ARM_GCC_493\Debug\main.o
LOAD .\CortexM0\ARM_GCC_493\Debug\cymetadata.o
LOAD .\CortexM0\ARM_GCC_493\Debug\Cm0Start.o
LOAD .\CortexM0\ARM_GCC_493\Debug\Design01.a
LOAD C:\Program Files (x86)\Cypress\PSoC Creator\4.0\PSoC Creator\psoc\content\cycomponentlibrary\CyComponentLibrary.cylib\BLE_v3_20\Library\gccCyBLEStack_BLE_SOC_PERIPHERAL.a
LOAD C:\Program Files (x86)\Cypress\PSoC Creator\4.0\PSoC Creator\psoc\content\cycomponentlibrary\CyComponentLibrary.cylib\CortexM0\ARM_GCC_493\Debug\CyComponentLibrary.a
END GROUP
START GROUP
LOAD c:/program files (x86)/cypress/psoc creator/4.0/psoc creator/import/gnu/arm/4.9.3/bin/../lib/gcc/arm-none-eabi/4.9.3/armv6-m\libgcc.a
LOAD c:/program files (x86)/cypress/psoc creator/4.0/psoc creator/import/gnu/arm/4.9.3/bin/../lib/gcc/arm-none-eabi/4.9.3/../../../../arm-none-eabi/lib/armv6-m\libg_nano.a
LOAD c:/program files (x86)/cypress/psoc creator/4.0/psoc creator/import/gnu/arm/4.9.3/bin/../lib/gcc/arm-none-eabi/4.9.3/../../../../arm-none-eabi/lib/armv6-m\libc_nano.a
END GROUP
START GROUP
LOAD c:/program files (x86)/cypress/psoc creator/4.0/psoc creator/import/gnu/arm/4.9.3/bin/../lib/gcc/arm-none-eabi/4.9.3/armv6-m\libgcc.a
LOAD c:/program files (x86)/cypress/psoc creator/4.0/psoc creator/import/gnu/arm/4.9.3/bin/../lib/gcc/arm-none-eabi/4.9.3/../../../../arm-none-eabi/lib/armv6-m\libc_nano.a
END GROUP
LOAD c:/program files (x86)/cypress/psoc creator/4.0/psoc creator/import/gnu/arm/4.9.3/bin/../lib/gcc/arm-none-eabi/4.9.3/armv6-m/crtend.o
LOAD c:/program files (x86)/cypress/psoc creator/4.0/psoc creator/import/gnu/arm/4.9.3/bin/../lib/gcc/arm-none-eabi/4.9.3/armv6-m/crtn.o
START GROUP
LOAD c:/program files (x86)/cypress/psoc creator/4.0/psoc creator/import/gnu/arm/4.9.3/bin/../lib/gcc/arm-none-eabi/4.9.3/armv6-m\libgcc.a
LOAD c:/program files (x86)/cypress/psoc creator/4.0/psoc creator/import/gnu/arm/4.9.3/bin/../lib/gcc/arm-none-eabi/4.9.3/../../../../arm-none-eabi/lib/armv6-m\libc.a
LOAD c:/program files (x86)/cypress/psoc creator/4.0/psoc creator/import/gnu/arm/4.9.3/bin/../lib/gcc/arm-none-eabi/4.9.3/../../../../arm-none-eabi/lib/armv6-m\libnosys.a
END GROUP
                0x00000000                CY_APPL_ORIGIN = 0x0
                0x00000080                CY_FLASH_ROW_SIZE = 0x80
                0x00000001                CY_APPL_NUM = 0x1
                0x00000001                CY_APPL_MAX = 0x1
                0x00000040                CY_METADATA_SIZE = 0x40
                0x00000000                CY_APPL_LOADABLE = 0x0
                0x00000000                CY_CHECKSUM_EXCLUDE_SIZE = ALIGN (0x0, CY_FLASH_ROW_SIZE)
                0x00000000                CY_APP_FOR_STACK_AND_COPIER = 0x0
                0x200001a8                PROVIDE (__cy_heap_start, _end)
                0x00000001                PROVIDE (__cy_region_num, ((__cy_regions_end - __cy_regions) / 0x10))
                0x20004000                PROVIDE (__cy_stack, (ORIGIN (ram) + 0x4000))
                0x20003800                PROVIDE (__cy_heap_end, (__cy_stack - 0x800))

.cybootloader   0x00000000        0x0
 *(.cybootloader)
                0x00000000                appl1_start = CY_APPL_ORIGIN?CY_APPL_ORIGIN:ALIGN (CY_FLASH_ROW_SIZE)
                0x0000ff80                appl2_start = (appl1_start + ALIGN ((((0x20000 - appl1_start) - (0x2 * CY_FLASH_ROW_SIZE)) / 0x2), CY_FLASH_ROW_SIZE))
                0x00000000                appl_start = (CY_APPL_NUM == 0x1)?appl1_start:appl2_start
                0x00000001                cy_project_type_bootloader = (appl_start == 0x0)?0x1:0x0
                0x00000000                cy_project_type_app_for_stack_and_copier = (CY_APP_FOR_STACK_AND_COPIER == 0x1)?0x1:0x0

.text           0x00000000     0x30c4
 CREATE_OBJECT_SYMBOLS
                0x00000000                PROVIDE (__cy_interrupt_vector, RomVectors)
 *(.romvectors)
 .romvectors    0x00000000       0x10 .\CortexM0\ARM_GCC_493\Debug\Cm0Start.o
                0x00000000                RomVectors
                0x00000001                ASSERT ((. != __cy_interrupt_vector), No interrupt vector)
                0x00000001                ASSERT (CY_APPL_ORIGIN?(SIZEOF (.cybootloader) <= CY_APPL_ORIGIN):0x1, Wrong image location)
                0x00000010                PROVIDE (__cy_reset, Reset)
 *(.text.Reset)
 .text.Reset    0x00000010        0x8 .\CortexM0\ARM_GCC_493\Debug\Cm0Start.o
                0x00000010                Reset
                0x00000001                ASSERT ((. != __cy_reset), No reset code)
 *(.psocinit)
 .psocinit      0x00000018      0x28c .\CortexM0\ARM_GCC_493\Debug\Design01.a(cyfitter_cfg.o)
                0x00000168                cyfitter_cfg
                0x000002a4                . = MAX (., 0x100)
 *(.text .text.* .gnu.linkonce.t.*)
 .text          0x000002a4       0x60 c:/program files (x86)/cypress/psoc creator/4.0/psoc creator/import/gnu/arm/4.9.3/bin/../lib/gcc/arm-none-eabi/4.9.3/armv6-m/crtbegin.o
 .text.int_to_string
                0x00000304       0x80 .\CortexM0\ARM_GCC_493\Debug\main.o
                0x00000304                int_to_string
 .text.float_to_string
                0x00000384      0x118 .\CortexM0\ARM_GCC_493\Debug\main.o
                0x00000384                float_to_string
 .text.main     0x0000049c      0x16c .\CortexM0\ARM_GCC_493\Debug\main.o
                0x0000049c                main
 .text.IntDefaultHandler
                0x00000608       0x14 .\CortexM0\ARM_GCC_493\Debug\Cm0Start.o
                0x00000608                IntDefaultHandler
 .text._sbrk    0x0000061c       0x50 .\CortexM0\ARM_GCC_493\Debug\Cm0Start.o
                0x0000061c                _sbrk
 .text.Start_c  0x0000066c       0x98 .\CortexM0\ARM_GCC_493\Debug\Cm0Start.o
                0x0000066c                Start_c
 .text.initialize_psoc
                0x00000704       0x70 .\CortexM0\ARM_GCC_493\Debug\Cm0Start.o
                0x00000704                initialize_psoc
 .text.CYMEMZERO
                0x00000774       0x20 .\CortexM0\ARM_GCC_493\Debug\Design01.a(cyfitter_cfg.o)
 .text.AnalogSetDefault
                0x00000794       0x44 .\CortexM0\ARM_GCC_493\Debug\Design01.a(cyfitter_cfg.o)
 .text.SetAnalogRoutingPumps
                0x000007d8       0x40 .\CortexM0\ARM_GCC_493\Debug\Design01.a(cyfitter_cfg.o)
                0x000007d8                SetAnalogRoutingPumps
 .text.SCB_1_Init
                0x00000818        0xc .\CortexM0\ARM_GCC_493\Debug\Design01.a(SCB_1.o)
                0x00000818                SCB_1_Init
 .text.SCB_1_Enable
                0x00000824       0x24 .\CortexM0\ARM_GCC_493\Debug\Design01.a(SCB_1.o)
                0x00000824                SCB_1_Enable
 .text.SCB_1_Start
                0x00000848       0x24 .\CortexM0\ARM_GCC_493\Debug\Design01.a(SCB_1.o)
                0x00000848                SCB_1_Start
 .text.SCB_1_ScbEnableIntr
                0x0000086c        0x8 .\CortexM0\ARM_GCC_493\Debug\Design01.a(SCB_1.o)
 .text.SCB_1_ScbModePostEnable
                0x00000874        0xc .\CortexM0\ARM_GCC_493\Debug\Design01.a(SCB_1.o)
 .text.SCB_1_SpiUartWriteTxData
                0x00000880       0x2c .\CortexM0\ARM_GCC_493\Debug\Design01.a(SCB_1_SPI_UART.o)
                0x00000880                SCB_1_SpiUartWriteTxData
 .text.SCB_1_UartInit
                0x000008ac       0xc0 .\CortexM0\ARM_GCC_493\Debug\Design01.a(SCB_1_UART.o)
                0x000008ac                SCB_1_UartInit
 .text.SCB_1_UartPostEnable
                0x0000096c       0x34 .\CortexM0\ARM_GCC_493\Debug\Design01.a(SCB_1_UART.o)
                0x0000096c                SCB_1_UartPostEnable
 .text.SCB_1_UartPutString
                0x000009a0       0x34 .\CortexM0\ARM_GCC_493\Debug\Design01.a(SCB_1_UART.o)
                0x000009a0                SCB_1_UartPutString
 .text.TCPWM_1_Init
                0x000009d4       0x38 .\CortexM0\ARM_GCC_493\Debug\Design01.a(TCPWM_1.o)
                0x000009d4                TCPWM_1_Init
 .text.TCPWM_1_Enable
                0x00000a0c       0x38 .\CortexM0\ARM_GCC_493\Debug\Design01.a(TCPWM_1.o)
                0x00000a0c                TCPWM_1_Enable
 .text.TCPWM_1_Start
                0x00000a44       0x24 .\CortexM0\ARM_GCC_493\Debug\Design01.a(TCPWM_1.o)
                0x00000a44                TCPWM_1_Start
 .text.TCPWM_1_WriteCounter
                0x00000a68       0x1c .\CortexM0\ARM_GCC_493\Debug\Design01.a(TCPWM_1.o)
                0x00000a68                TCPWM_1_WriteCounter
 .text.TCPWM_1_ReadCounter
                0x00000a84       0x18 .\CortexM0\ARM_GCC_493\Debug\Design01.a(TCPWM_1.o)
                0x00000a84                TCPWM_1_ReadCounter
 .text.TCPWM_1_WritePeriod
                0x00000a9c       0x1c .\CortexM0\ARM_GCC_493\Debug\Design01.a(TCPWM_1.o)
                0x00000a9c                TCPWM_1_WritePeriod
 .text.TCPWM_1_ReadPeriod
                0x00000ab8       0x18 .\CortexM0\ARM_GCC_493\Debug\Design01.a(TCPWM_1.o)
                0x00000ab8                TCPWM_1_ReadPeriod
 .text.TCPWM_1_ReadCapture
                0x00000ad0       0x18 .\CortexM0\ARM_GCC_493\Debug\Design01.a(TCPWM_1.o)
                0x00000ad0                TCPWM_1_ReadCapture
 .text.TCPWM_1_TriggerCommand
                0x00000ae8       0x38 .\CortexM0\ARM_GCC_493\Debug\Design01.a(TCPWM_1.o)
                0x00000ae8                TCPWM_1_TriggerCommand
 .text.TCPWM_1_SetInterruptMode
                0x00000b20       0x18 .\CortexM0\ARM_GCC_493\Debug\Design01.a(TCPWM_1.o)
                0x00000b20                TCPWM_1_SetInterruptMode
 .text.CySysClkWriteImoFreq
                0x00000b38       0x98 .\CortexM0\ARM_GCC_493\Debug\Design01.a(CyLib.o)
                0x00000b38                CySysClkWriteImoFreq
 .text.CySysClkEcoStart
                0x00000bd0       0x74 .\CortexM0\ARM_GCC_493\Debug\Design01.a(CyLib.o)
                0x00000bd0                CySysClkEcoStart
 .text.CySysClkEcoReadStatus
                0x00000c44       0x20 .\CortexM0\ARM_GCC_493\Debug\Design01.a(CyLib.o)
                0x00000c44                CySysClkEcoReadStatus
 .text.CyIntSetVector
                0x00000c64       0x4c .\CortexM0\ARM_GCC_493\Debug\Design01.a(CyLib.o)
                0x00000c64                CyIntSetVector
 .text.CyIntEnable
                0x00000cb0       0x28 .\CortexM0\ARM_GCC_493\Debug\Design01.a(CyLib.o)
                0x00000cb0                CyIntEnable
 .text.CyHalt   0x00000cd8       0x14 .\CortexM0\ARM_GCC_493\Debug\Design01.a(CyLib.o)
                0x00000cd8                CyHalt
 .text.CyDelay  0x00000cec       0x48 .\CortexM0\ARM_GCC_493\Debug\Design01.a(CyLib.o)
                0x00000cec                CyDelay
 .text.CyDelayUs
                0x00000d34       0x28 .\CortexM0\ARM_GCC_493\Debug\Design01.a(CyLib.o)
                0x00000d34                CyDelayUs
 .text.CySysClkWcoSetHighPowerMode
                0x00000d5c       0x48 .\CortexM0\ARM_GCC_493\Debug\Design01.a(CyLFClk.o)
 .text.CySysClkWcoSetLowPowerMode
                0x00000da4       0x48 .\CortexM0\ARM_GCC_493\Debug\Design01.a(CyLFClk.o)
 .text.CySysClkWcoStart
                0x00000dec       0x20 .\CortexM0\ARM_GCC_493\Debug\Design01.a(CyLFClk.o)
                0x00000dec                CySysClkWcoStart
 .text.CySysClkWcoSetPowerMode
                0x00000e0c       0x40 .\CortexM0\ARM_GCC_493\Debug\Design01.a(CyLFClk.o)
                0x00000e0c                CySysClkWcoSetPowerMode
 .text.CySysWdtLock
                0x00000e4c       0x34 .\CortexM0\ARM_GCC_493\Debug\Design01.a(CyLFClk.o)
                0x00000e4c                CySysWdtLock
 .text.CySysWdtLocked
                0x00000e80       0x20 .\CortexM0\ARM_GCC_493\Debug\Design01.a(CyLFClk.o)
 .text.CySysWdtUnlock
                0x00000ea0       0x4c .\CortexM0\ARM_GCC_493\Debug\Design01.a(CyLFClk.o)
                0x00000ea0                CySysWdtUnlock
 .text.CySysWdtClearInterrupt
                0x00000eec       0x70 .\CortexM0\ARM_GCC_493\Debug\Design01.a(CyLFClk.o)
                0x00000eec                CySysWdtClearInterrupt
 .text.CySysWdtIsr
                0x00000f5c       0xe8 .\CortexM0\ARM_GCC_493\Debug\Design01.a(CyLFClk.o)
                0x00000f5c                CySysWdtIsr
 *fill*         0x00001044        0x4 
 .text          0x00001048       0x20 .\CortexM0\ARM_GCC_493\Debug\Design01.a(CyBootAsmGnu.o)
                0x00001048                CyDelayCycles
                0x0000105a                CyEnterCriticalSection
                0x00001062                CyExitCriticalSection
 .text          0x00001068      0x120 c:/program files (x86)/cypress/psoc creator/4.0/psoc creator/import/gnu/arm/4.9.3/bin/../lib/gcc/arm-none-eabi/4.9.3/armv6-m\libgcc.a(_udivsi3.o)
                0x00001068                __aeabi_uidiv
                0x00001068                __udivsi3
                0x00001174                __aeabi_uidivmod
 .text          0x00001188      0x1e0 c:/program files (x86)/cypress/psoc creator/4.0/psoc creator/import/gnu/arm/4.9.3/bin/../lib/gcc/arm-none-eabi/4.9.3/armv6-m\libgcc.a(_divsi3.o)
                0x00001188                __divsi3
                0x00001188                __aeabi_idiv
                0x00001354                __aeabi_idivmod
 .text          0x00001368        0x4 c:/program files (x86)/cypress/psoc creator/4.0/psoc creator/import/gnu/arm/4.9.3/bin/../lib/gcc/arm-none-eabi/4.9.3/armv6-m\libgcc.a(_dvmd_tls.o)
                0x00001368                __aeabi_idiv0
                0x00001368                __aeabi_ldiv0
 .text          0x0000136c      0x650 c:/program files (x86)/cypress/psoc creator/4.0/psoc creator/import/gnu/arm/4.9.3/bin/../lib/gcc/arm-none-eabi/4.9.3/armv6-m\libgcc.a(adddf3.o)
                0x0000136c                __aeabi_dadd
 .text          0x000019bc      0x648 c:/program files (x86)/cypress/psoc creator/4.0/psoc creator/import/gnu/arm/4.9.3/bin/../lib/gcc/arm-none-eabi/4.9.3/armv6-m\libgcc.a(divdf3.o)
                0x000019bc                __aeabi_ddiv
 .text          0x00002004      0x534 c:/program files (x86)/cypress/psoc creator/4.0/psoc creator/import/gnu/arm/4.9.3/bin/../lib/gcc/arm-none-eabi/4.9.3/armv6-m\libgcc.a(muldf3.o)
                0x00002004                __aeabi_dmul
 .text          0x00002538       0x6c c:/program files (x86)/cypress/psoc creator/4.0/psoc creator/import/gnu/arm/4.9.3/bin/../lib/gcc/arm-none-eabi/4.9.3/armv6-m\libgcc.a(fixdfsi.o)
                0x00002538                __aeabi_d2iz
 .text          0x000025a4       0x78 c:/program files (x86)/cypress/psoc creator/4.0/psoc creator/import/gnu/arm/4.9.3/bin/../lib/gcc/arm-none-eabi/4.9.3/armv6-m\libgcc.a(floatsidf.o)
                0x000025a4                __aeabi_i2d
 .text          0x0000261c       0x3c c:/program files (x86)/cypress/psoc creator/4.0/psoc creator/import/gnu/arm/4.9.3/bin/../lib/gcc/arm-none-eabi/4.9.3/armv6-m\libgcc.a(_clzsi2.o)
                0x0000261c                __clzsi2
 .text.__errno  0x00002658        0xc c:/program files (x86)/cypress/psoc creator/4.0/psoc creator/import/gnu/arm/4.9.3/bin/../lib/gcc/arm-none-eabi/4.9.3/../../../../arm-none-eabi/lib/armv6-m\libg_nano.a(lib_a-errno.o)
                0x00002658                __errno
 .text.__libc_init_array
                0x00002664       0x4c c:/program files (x86)/cypress/psoc creator/4.0/psoc creator/import/gnu/arm/4.9.3/bin/../lib/gcc/arm-none-eabi/4.9.3/../../../../arm-none-eabi/lib/armv6-m\libg_nano.a(lib_a-init.o)
                0x00002664                __libc_init_array
 .text.memset   0x000026b0       0x10 c:/program files (x86)/cypress/psoc creator/4.0/psoc creator/import/gnu/arm/4.9.3/bin/../lib/gcc/arm-none-eabi/4.9.3/../../../../arm-none-eabi/lib/armv6-m\libg_nano.a(lib_a-memset.o)
                0x000026b0                memset
 .text.srand    0x000026c0       0x5c c:/program files (x86)/cypress/psoc creator/4.0/psoc creator/import/gnu/arm/4.9.3/bin/../lib/gcc/arm-none-eabi/4.9.3/../../../../arm-none-eabi/lib/armv6-m\libg_nano.a(lib_a-rand.o)
                0x000026c0                srand
 .text.rand     0x0000271c       0x78 c:/program files (x86)/cypress/psoc creator/4.0/psoc creator/import/gnu/arm/4.9.3/bin/../lib/gcc/arm-none-eabi/4.9.3/../../../../arm-none-eabi/lib/armv6-m\libg_nano.a(lib_a-rand.o)
                0x0000271c                rand
 .text.modf     0x00002794       0xa0 c:/program files (x86)/cypress/psoc creator/4.0/psoc creator/import/gnu/arm/4.9.3/bin/../lib/gcc/arm-none-eabi/4.9.3/../../../../arm-none-eabi/lib/armv6-m\libg_nano.a(lib_a-s_modf.o)
                0x00002794                modf
 .text.time     0x00002834       0x2c c:/program files (x86)/cypress/psoc creator/4.0/psoc creator/import/gnu/arm/4.9.3/bin/../lib/gcc/arm-none-eabi/4.9.3/../../../../arm-none-eabi/lib/armv6-m\libg_nano.a(lib_a-time.o)
                0x00002834                time
 .text._gettimeofday_r
                0x00002860       0x24 c:/program files (x86)/cypress/psoc creator/4.0/psoc creator/import/gnu/arm/4.9.3/bin/../lib/gcc/arm-none-eabi/4.9.3/../../../../arm-none-eabi/lib/armv6-m\libg_nano.a(lib_a-gettimeofdayr.o)
                0x00002860                _gettimeofday_r
 .text.malloc   0x00002884       0x14 c:/program files (x86)/cypress/psoc creator/4.0/psoc creator/import/gnu/arm/4.9.3/bin/../lib/gcc/arm-none-eabi/4.9.3/../../../../arm-none-eabi/lib/armv6-m\libg_nano.a(lib_a-malloc.o)
                0x00002884                malloc
 .text._malloc_r
                0x00002898       0xb0 c:/program files (x86)/cypress/psoc creator/4.0/psoc creator/import/gnu/arm/4.9.3/bin/../lib/gcc/arm-none-eabi/4.9.3/../../../../arm-none-eabi/lib/armv6-m\libg_nano.a(lib_a-nano-mallocr.o)
                0x00002898                _malloc_r
 .text._sbrk_r  0x00002948       0x24 c:/program files (x86)/cypress/psoc creator/4.0/psoc creator/import/gnu/arm/4.9.3/bin/../lib/gcc/arm-none-eabi/4.9.3/../../../../arm-none-eabi/lib/armv6-m\libg_nano.a(lib_a-sbrkr.o)
                0x00002948                _sbrk_r
 .text          0x0000296c       0x54 c:/program files (x86)/cypress/psoc creator/4.0/psoc creator/import/gnu/arm/4.9.3/bin/../lib/gcc/arm-none-eabi/4.9.3/armv6-m\libgcc.a(_muldi3.o)
                0x0000296c                __muldi3
                0x0000296c                __aeabi_lmul
 .text          0x000029c0      0x6f4 c:/program files (x86)/cypress/psoc creator/4.0/psoc creator/import/gnu/arm/4.9.3/bin/../lib/gcc/arm-none-eabi/4.9.3/armv6-m\libgcc.a(subdf3.o)
                0x000029c0                __aeabi_dsub
 .text._gettimeofday
                0x000030b4       0x10 c:/program files (x86)/cypress/psoc creator/4.0/psoc creator/import/gnu/arm/4.9.3/bin/../lib/gcc/arm-none-eabi/4.9.3/../../../../arm-none-eabi/lib/armv6-m\libnosys.a(gettod.o)
                0x000030b4                _gettimeofday
 *(.plt)
 *(.gnu.warning)
 *(.glue_7t)
 .glue_7t       0x00000000        0x0 linker stubs
 *(.glue_7)
 .glue_7        0x00000000        0x0 linker stubs
 *(.vfp11_veneer)
 .vfp11_veneer  0x00000000        0x0 linker stubs
 *(.bootloader)
 *(.ARM.extab* .gnu.linkonce.armextab.*)
 *(.gcc_except_table)

.v4_bx          0x000030c4        0x0
 .v4_bx         0x00000000        0x0 linker stubs

.iplt           0x000030c4        0x0
 .iplt          0x00000000        0x0 c:/program files (x86)/cypress/psoc creator/4.0/psoc creator/import/gnu/arm/4.9.3/bin/../lib/gcc/arm-none-eabi/4.9.3/armv6-m/crtbegin.o

.eh_frame_hdr
 *(.eh_frame_hdr)

.eh_frame       0x000030c4        0x4
 *(.eh_frame)
 .eh_frame      0x000030c4        0x0 c:/program files (x86)/cypress/psoc creator/4.0/psoc creator/import/gnu/arm/4.9.3/bin/../lib/gcc/arm-none-eabi/4.9.3/armv6-m/crtbegin.o
 .eh_frame      0x000030c4        0x4 c:/program files (x86)/cypress/psoc creator/4.0/psoc creator/import/gnu/arm/4.9.3/bin/../lib/gcc/arm-none-eabi/4.9.3/armv6-m/crtend.o
                0x000030c8                PROVIDE (__exidx_start, .)

.ARM.exidx
 *(.ARM.exidx* .gnu.linkonce.armexidx.*)
                0x000030c8                __exidx_end = .

.rodata         0x000030c8      0x128
 *(.rodata .rodata.* .gnu.linkonce.r.*)
 .rodata        0x000030c8       0x30 .\CortexM0\ARM_GCC_493\Debug\main.o
 .rodata        0x000030f8        0xc .\CortexM0\ARM_GCC_493\Debug\Design01.a(cyfitter_cfg.o)
 .rodata        0x00003104       0x30 .\CortexM0\ARM_GCC_493\Debug\Design01.a(CyLib.o)
                0x00003104                cyImoFreqMhz2Reg
 .rodata        0x00003134       0x40 c:/program files (x86)/cypress/psoc creator/4.0/psoc creator/import/gnu/arm/4.9.3/bin/../lib/gcc/arm-none-eabi/4.9.3/armv6-m\libgcc.a(divdf3.o)
 .rodata        0x00003174       0x40 c:/program files (x86)/cypress/psoc creator/4.0/psoc creator/import/gnu/arm/4.9.3/bin/../lib/gcc/arm-none-eabi/4.9.3/armv6-m\libgcc.a(muldf3.o)
 .rodata.str1.1
                0x000031b4        0x2 c:/program files (x86)/cypress/psoc creator/4.0/psoc creator/import/gnu/arm/4.9.3/bin/../lib/gcc/arm-none-eabi/4.9.3/../../../../arm-none-eabi/lib/armv6-m\libg_nano.a(lib_a-impure.o)
                0x000031b8                . = ALIGN (0x4)
 *fill*         0x000031b6        0x2 
 *(.init)
 .init          0x000031b8        0x4 c:/program files (x86)/cypress/psoc creator/4.0/psoc creator/import/gnu/arm/4.9.3/bin/../lib/gcc/arm-none-eabi/4.9.3/armv6-m/crti.o
                0x000031b8                _init
 .init          0x000031bc        0x8 c:/program files (x86)/cypress/psoc creator/4.0/psoc creator/import/gnu/arm/4.9.3/bin/../lib/gcc/arm-none-eabi/4.9.3/armv6-m/crtn.o
                0x000031c4                . = ALIGN (0x4)
                0x000031c4                __preinit_array_start = .
 *(.preinit_array)
                0x000031c4                __preinit_array_end = .
                0x000031c4                . = ALIGN (0x4)
                0x000031c4                __init_array_start = .
 *(SORT(.init_array.*))
 *(.init_array)
 .init_array    0x000031c4        0x4 c:/program files (x86)/cypress/psoc creator/4.0/psoc creator/import/gnu/arm/4.9.3/bin/../lib/gcc/arm-none-eabi/4.9.3/armv6-m/crtbegin.o
 .init_array    0x000031c8        0x4 .\CortexM0\ARM_GCC_493\Debug\Cm0Start.o
                0x000031cc                __init_array_end = .
                0x000031cc                . = ALIGN (0x4)
 *(.fini)
 .fini          0x000031cc        0x4 c:/program files (x86)/cypress/psoc creator/4.0/psoc creator/import/gnu/arm/4.9.3/bin/../lib/gcc/arm-none-eabi/4.9.3/armv6-m/crti.o
                0x000031cc                _fini
 .fini          0x000031d0        0x8 c:/program files (x86)/cypress/psoc creator/4.0/psoc creator/import/gnu/arm/4.9.3/bin/../lib/gcc/arm-none-eabi/4.9.3/armv6-m/crtn.o
                0x000031d8                . = ALIGN (0x4)
                0x000031d8                __fini_array_start = .
 *(.fini_array)
 .fini_array    0x000031d8        0x4 c:/program files (x86)/cypress/psoc creator/4.0/psoc creator/import/gnu/arm/4.9.3/bin/../lib/gcc/arm-none-eabi/4.9.3/armv6-m/crtbegin.o
 *(SORT(.fini_array.*))
                0x000031dc                __fini_array_end = .
                0x000031dc                . = ALIGN (0x4)
 *crtbegin.o(.ctors)
 *(EXCLUDE_FILE(*crtend.o) .ctors)
 *(SORT(.ctors.*))
 *crtend.o(.ctors)
                0x000031dc                . = ALIGN (0x4)
 *crtbegin.o(.dtors)
 *(EXCLUDE_FILE(*crtend.o) .dtors)
 *(SORT(.dtors.*))
 *crtend.o(.dtors)
                0x000031dc                . = ALIGN (0x4)
                0x000031dc                __cy_regions = .
                0x000031dc        0x4 LONG 0x31f0 __cy_region_init_ram
                0x000031e0        0x4 LONG 0x200000c8 __cy_region_start_data
                0x000031e4        0x4 LONG 0x88 __cy_region_init_size_ram
                0x000031e8        0x4 LONG 0x58 __cy_region_zero_size_ram
                0x000031ec                __cy_regions_end = .
                0x000031f0                . = ALIGN (0x8)
 *fill*         0x000031ec        0x4 
                0x000031f0                _etext = .

.cy_checksum_exclude
                0x000031f0        0x0
 *(.cy_checksum_exclude)

.ramvectors     0x20000000       0xc0
                0x20000000                __cy_region_start_ram = .
 *(.ramvectors)
 .ramvectors    0x20000000       0xc0 .\CortexM0\ARM_GCC_493\Debug\Cm0Start.o
                0x20000000                CyRamVectors

.noinit         0x200000c0        0x4
 *(.noinit)
 .noinit        0x200000c0        0x4 .\CortexM0\ARM_GCC_493\Debug\Cm0Start.o

.data           0x200000c8       0x88 load address 0x000031f0
                0x200000c8                __cy_region_start_data = .
 *(.jcr)
 .jcr           0x200000c8        0x0 c:/program files (x86)/cypress/psoc creator/4.0/psoc creator/import/gnu/arm/4.9.3/bin/../lib/gcc/arm-none-eabi/4.9.3/armv6-m/crtbegin.o
 .jcr           0x200000c8        0x4 c:/program files (x86)/cypress/psoc creator/4.0/psoc creator/import/gnu/arm/4.9.3/bin/../lib/gcc/arm-none-eabi/4.9.3/armv6-m/crtend.o
 *(.got.plt)
 *(.got)
 *(.shdata)
 *(.data .data.* .gnu.linkonce.d.*)
 .data          0x200000cc        0x4 .\CortexM0\ARM_GCC_493\Debug\Cm0Start.o
 .data          0x200000d0       0x14 .\CortexM0\ARM_GCC_493\Debug\Design01.a(CyLib.o)
                0x200000d0                cydelayFreqHz
                0x200000d4                cydelayFreqKhz
                0x200000d8                cydelayFreqMhz
                0x200000dc                cydelay32kMs
                0x200000e0                CySysClkPumpConfig
 .data          0x200000e4        0x8 .\CortexM0\ARM_GCC_493\Debug\Design01.a(CyLFClk.o)
 .data.impure_data
                0x200000ec       0x60 c:/program files (x86)/cypress/psoc creator/4.0/psoc creator/import/gnu/arm/4.9.3/bin/../lib/gcc/arm-none-eabi/4.9.3/../../../../arm-none-eabi/lib/armv6-m\libg_nano.a(lib_a-impure.o)
 .data._impure_ptr
                0x2000014c        0x4 c:/program files (x86)/cypress/psoc creator/4.0/psoc creator/import/gnu/arm/4.9.3/bin/../lib/gcc/arm-none-eabi/4.9.3/../../../../arm-none-eabi/lib/armv6-m\libg_nano.a(lib_a-impure.o)
                0x2000014c                _impure_ptr
                0x20000150                . = ALIGN (0x8)
 *(.ram)
                0x20000150                _edata = .

.igot.plt       0x20000150        0x0 load address 0x00003278
 .igot.plt      0x00000000        0x0 c:/program files (x86)/cypress/psoc creator/4.0/psoc creator/import/gnu/arm/4.9.3/bin/../lib/gcc/arm-none-eabi/4.9.3/armv6-m/crtbegin.o

.bss            0x20000150       0x58 load address 0x00003278
                0x20000150                PROVIDE (__bss_start__, .)
 *(.shbss)
 *(.bss .bss.* .gnu.linkonce.b.*)
 .bss           0x20000150       0x1c c:/program files (x86)/cypress/psoc creator/4.0/psoc creator/import/gnu/arm/4.9.3/bin/../lib/gcc/arm-none-eabi/4.9.3/armv6-m/crtbegin.o
 .bss           0x2000016c        0x4 .\CortexM0\ARM_GCC_493\Debug\Design01.a(SCB_1.o)
                0x2000016c                SCB_1_initVar
                0x2000016e                SCB_1_IntrTxMask
 .bss           0x20000170        0x1 .\CortexM0\ARM_GCC_493\Debug\Design01.a(TCPWM_1.o)
                0x20000170                TCPWM_1_initVar
 *fill*         0x20000171        0x3 
 .bss           0x20000174       0x28 .\CortexM0\ARM_GCC_493\Debug\Design01.a(CyLFClk.o)
 .bss.__malloc_sbrk_start
                0x2000019c        0x4 c:/program files (x86)/cypress/psoc creator/4.0/psoc creator/import/gnu/arm/4.9.3/bin/../lib/gcc/arm-none-eabi/4.9.3/../../../../arm-none-eabi/lib/armv6-m\libg_nano.a(lib_a-nano-mallocr.o)
                0x2000019c                __malloc_sbrk_start
 .bss.__malloc_free_list
                0x200001a0        0x4 c:/program files (x86)/cypress/psoc creator/4.0/psoc creator/import/gnu/arm/4.9.3/bin/../lib/gcc/arm-none-eabi/4.9.3/../../../../arm-none-eabi/lib/armv6-m\libg_nano.a(lib_a-nano-mallocr.o)
                0x200001a0                __malloc_free_list
 *(COMMON)
 COMMON         0x200001a4        0x4 c:/program files (x86)/cypress/psoc creator/4.0/psoc creator/import/gnu/arm/4.9.3/bin/../lib/gcc/arm-none-eabi/4.9.3/../../../../arm-none-eabi/lib/armv6-m\libg_nano.a(lib_a-reent.o)
                0x200001a4                errno
                0x200001a8                . = ALIGN (0x8)
 *(.ram.b)
                0x200001a8                _end = .
                0x200001a8                __end = .
                0x200001a8                PROVIDE (end, .)
                0x200001a8                PROVIDE (__bss_end__, .)
                0x000031f0                __cy_region_init_ram = LOADADDR (.data)
                0x00000088                __cy_region_init_size_ram = (_edata - ADDR (.data))
                0x00000058                __cy_region_zero_size_ram = (_end - _edata)

.heap           0x200001a8       0x80 load address 0x00003278
                0x200001a8                . = _end
                0x20000228                . = (. + 0x80)
 *fill*         0x200001a8       0x80 
                0x20000228                __cy_heap_limit = .

.stack          0x20003800      0x800
                0x20003800                __cy_stack_limit = .
                0x20004000                . = (. + 0x800)
 *fill*         0x20003800      0x800 
                0x00000001                ASSERT ((__cy_stack_limit >= __cy_heap_limit), region RAM overflowed with stack)
                0x00000000                cy_checksum_exclude_size = (CY_APPL_LOADABLE == 0x1)?SIZEOF (.cy_checksum_exclude):0x0
                0x00000001                ASSERT ((cy_checksum_exclude_size <= CY_CHECKSUM_EXCLUDE_SIZE), CY_BOOT: Section .cy_checksum_exclude size exceedes specified limit.)
                0x0001ffc0                cyloadermeta_start = (cy_project_type_bootloader || cy_project_type_app_for_stack_and_copier)?(0x20000 - CY_METADATA_SIZE):0xf0000000

.cyloadermeta
 *(.cyloadermeta)
                0x0001ffc0                cyloadablemeta_start = cy_project_type_app_for_stack_and_copier?((0x20000 - CY_FLASH_ROW_SIZE) - CY_METADATA_SIZE):((0x20000 - (CY_FLASH_ROW_SIZE * (CY_APPL_NUM - 0x1))) - CY_METADATA_SIZE)

.cyloadablemeta
 *(.cyloadablemeta)

.cyflashprotect
                0x90400000       0x80
 *(.cyflashprotect)
 .cyflashprotect
                0x90400000       0x80 .\CortexM0\ARM_GCC_493\Debug\cymetadata.o
                0x90400000                cy_meta_flashprotect

.cymeta         0x90500000        0xc
 *(.cymeta)
 .cymeta        0x90500000        0xc .\CortexM0\ARM_GCC_493\Debug\cymetadata.o
                0x90500000                cy_metadata

.cychipprotect  0x90600000        0x4
 *(.cychipprotect)
 .cychipprotect
                0x90600000        0x4 .\CortexM0\ARM_GCC_493\Debug\cymetadata.o
                0x90600000                cy_meta_chipprotect

.rel.dyn        0x00003278        0x0 load address 0x90600004
 .rel.iplt      0x00000000        0x0 c:/program files (x86)/cypress/psoc creator/4.0/psoc creator/import/gnu/arm/4.9.3/bin/../lib/gcc/arm-none-eabi/4.9.3/armv6-m/crtbegin.o

.stab           0x00000000       0x24
 *(.stab)
 .stab          0x00000000       0x24 c:/program files (x86)/cypress/psoc creator/4.0/psoc creator/import/gnu/arm/4.9.3/bin/../lib/gcc/arm-none-eabi/4.9.3/../../../../arm-none-eabi/lib/armv6-m\libnosys.a(gettod.o)

.stabstr        0x00000000       0x4e
 *(.stabstr)
 .stabstr       0x00000000       0x4e c:/program files (x86)/cypress/psoc creator/4.0/psoc creator/import/gnu/arm/4.9.3/bin/../lib/gcc/arm-none-eabi/4.9.3/../../../../arm-none-eabi/lib/armv6-m\libnosys.a(gettod.o)

.debug
 *(.debug)

.line
 *(.line)

.debug_srcinfo
 *(.debug_srcinfo)

.debug_sfnames
 *(.debug_sfnames)

.debug_aranges  0x00000000      0x6e8
 *(.debug_aranges)
 .debug_aranges
                0x00000000       0x30 .\CortexM0\ARM_GCC_493\Debug\main.o
 .debug_aranges
                0x00000030       0x18 .\CortexM0\ARM_GCC_493\Debug\cymetadata.o
 .debug_aranges
                0x00000048       0x48 .\CortexM0\ARM_GCC_493\Debug\Cm0Start.o
 .debug_aranges
                0x00000090       0x50 .\CortexM0\ARM_GCC_493\Debug\Design01.a(cyfitter_cfg.o)
 .debug_aranges
                0x000000e0       0x60 .\CortexM0\ARM_GCC_493\Debug\Design01.a(SCB_1.o)
 .debug_aranges
                0x00000140       0x60 .\CortexM0\ARM_GCC_493\Debug\Design01.a(SCB_1_SPI_UART.o)
 .debug_aranges
                0x000001a0       0x88 .\CortexM0\ARM_GCC_493\Debug\Design01.a(SCB_1_UART.o)
 .debug_aranges
                0x00000228      0x158 .\CortexM0\ARM_GCC_493\Debug\Design01.a(TCPWM_1.o)
 .debug_aranges
                0x00000380      0x1b0 .\CortexM0\ARM_GCC_493\Debug\Design01.a(CyLib.o)
 .debug_aranges
                0x00000530      0x198 .\CortexM0\ARM_GCC_493\Debug\Design01.a(CyLFClk.o)
 .debug_aranges
                0x000006c8       0x20 .\CortexM0\ARM_GCC_493\Debug\Design01.a(CyBootAsmGnu.o)

.debug_pubnames
 *(.debug_pubnames)

.debug_info     0x00000000     0x2b86
 *(.debug_info .gnu.linkonce.wi.*)
 .debug_info    0x00000000      0x248 .\CortexM0\ARM_GCC_493\Debug\main.o
 .debug_info    0x00000248       0xfe .\CortexM0\ARM_GCC_493\Debug\cymetadata.o
 .debug_info    0x00000346      0x300 .\CortexM0\ARM_GCC_493\Debug\Cm0Start.o
 .debug_info    0x00000646      0x287 .\CortexM0\ARM_GCC_493\Debug\Design01.a(cyfitter_cfg.o)
 .debug_info    0x000008cd      0x1c3 .\CortexM0\ARM_GCC_493\Debug\Design01.a(SCB_1.o)
 .debug_info    0x00000a90      0x211 .\CortexM0\ARM_GCC_493\Debug\Design01.a(SCB_1_SPI_UART.o)
 .debug_info    0x00000ca1      0x2d5 .\CortexM0\ARM_GCC_493\Debug\Design01.a(SCB_1_UART.o)
 .debug_info    0x00000f76      0x6f4 .\CortexM0\ARM_GCC_493\Debug\Design01.a(TCPWM_1.o)
 .debug_info    0x0000166a      0x9d2 .\CortexM0\ARM_GCC_493\Debug\Design01.a(CyLib.o)
 .debug_info    0x0000203c      0xaa3 .\CortexM0\ARM_GCC_493\Debug\Design01.a(CyLFClk.o)
 .debug_info    0x00002adf       0xa7 .\CortexM0\ARM_GCC_493\Debug\Design01.a(CyBootAsmGnu.o)

.debug_abbrev   0x00000000      0xbfc
 *(.debug_abbrev)
 .debug_abbrev  0x00000000       0xca .\CortexM0\ARM_GCC_493\Debug\main.o
 .debug_abbrev  0x000000ca       0x5d .\CortexM0\ARM_GCC_493\Debug\cymetadata.o
 .debug_abbrev  0x00000127      0x1a5 .\CortexM0\ARM_GCC_493\Debug\Cm0Start.o
 .debug_abbrev  0x000002cc      0x149 .\CortexM0\ARM_GCC_493\Debug\Design01.a(cyfitter_cfg.o)
 .debug_abbrev  0x00000415       0xcb .\CortexM0\ARM_GCC_493\Debug\Design01.a(SCB_1.o)
 .debug_abbrev  0x000004e0      0x140 .\CortexM0\ARM_GCC_493\Debug\Design01.a(SCB_1_SPI_UART.o)
 .debug_abbrev  0x00000620       0xfd .\CortexM0\ARM_GCC_493\Debug\Design01.a(SCB_1_UART.o)
 .debug_abbrev  0x0000071d       0xfc .\CortexM0\ARM_GCC_493\Debug\Design01.a(TCPWM_1.o)
 .debug_abbrev  0x00000819      0x1a7 .\CortexM0\ARM_GCC_493\Debug\Design01.a(CyLib.o)
 .debug_abbrev  0x000009c0      0x228 .\CortexM0\ARM_GCC_493\Debug\Design01.a(CyLFClk.o)
 .debug_abbrev  0x00000be8       0x14 .\CortexM0\ARM_GCC_493\Debug\Design01.a(CyBootAsmGnu.o)

.debug_line     0x00000000     0x17f4
 *(.debug_line)
 .debug_line    0x00000000       0xd2 .\CortexM0\ARM_GCC_493\Debug\main.o
 .debug_line    0x000000d2       0x51 .\CortexM0\ARM_GCC_493\Debug\cymetadata.o
 .debug_line    0x00000123      0x1d0 .\CortexM0\ARM_GCC_493\Debug\Cm0Start.o
 .debug_line    0x000002f3      0x199 .\CortexM0\ARM_GCC_493\Debug\Design01.a(cyfitter_cfg.o)
 .debug_line    0x0000048c      0x106 .\CortexM0\ARM_GCC_493\Debug\Design01.a(SCB_1.o)
 .debug_line    0x00000592      0x124 .\CortexM0\ARM_GCC_493\Debug\Design01.a(SCB_1_SPI_UART.o)
 .debug_line    0x000006b6      0x19f .\CortexM0\ARM_GCC_493\Debug\Design01.a(SCB_1_UART.o)
 .debug_line    0x00000855      0x370 .\CortexM0\ARM_GCC_493\Debug\Design01.a(TCPWM_1.o)
 .debug_line    0x00000bc5      0x4db .\CortexM0\ARM_GCC_493\Debug\Design01.a(CyLib.o)
 .debug_line    0x000010a0      0x6ec .\CortexM0\ARM_GCC_493\Debug\Design01.a(CyLFClk.o)
 .debug_line    0x0000178c       0x68 .\CortexM0\ARM_GCC_493\Debug\Design01.a(CyBootAsmGnu.o)

.debug_frame    0x00000000     0x1bfc
 *(.debug_frame)
 .debug_frame   0x00000000       0x80 .\CortexM0\ARM_GCC_493\Debug\main.o
 .debug_frame   0x00000080       0xc8 .\CortexM0\ARM_GCC_493\Debug\Cm0Start.o
 .debug_frame   0x00000148       0xe8 .\CortexM0\ARM_GCC_493\Debug\Design01.a(cyfitter_cfg.o)
 .debug_frame   0x00000230      0x114 .\CortexM0\ARM_GCC_493\Debug\Design01.a(SCB_1.o)
 .debug_frame   0x00000344      0x128 .\CortexM0\ARM_GCC_493\Debug\Design01.a(SCB_1_SPI_UART.o)
 .debug_frame   0x0000046c      0x1bc .\CortexM0\ARM_GCC_493\Debug\Design01.a(SCB_1_UART.o)
 .debug_frame   0x00000628      0x52c .\CortexM0\ARM_GCC_493\Debug\Design01.a(TCPWM_1.o)
 .debug_frame   0x00000b54      0x644 .\CortexM0\ARM_GCC_493\Debug\Design01.a(CyLib.o)
 .debug_frame   0x00001198      0x5f8 .\CortexM0\ARM_GCC_493\Debug\Design01.a(CyLFClk.o)
 .debug_frame   0x00001790       0x20 c:/program files (x86)/cypress/psoc creator/4.0/psoc creator/import/gnu/arm/4.9.3/bin/../lib/gcc/arm-none-eabi/4.9.3/armv6-m\libgcc.a(_udivsi3.o)
 .debug_frame   0x000017b0       0x20 c:/program files (x86)/cypress/psoc creator/4.0/psoc creator/import/gnu/arm/4.9.3/bin/../lib/gcc/arm-none-eabi/4.9.3/armv6-m\libgcc.a(_divsi3.o)
 .debug_frame   0x000017d0       0x38 c:/program files (x86)/cypress/psoc creator/4.0/psoc creator/import/gnu/arm/4.9.3/bin/../lib/gcc/arm-none-eabi/4.9.3/armv6-m\libgcc.a(adddf3.o)
 .debug_frame   0x00001808       0x3c c:/program files (x86)/cypress/psoc creator/4.0/psoc creator/import/gnu/arm/4.9.3/bin/../lib/gcc/arm-none-eabi/4.9.3/armv6-m\libgcc.a(divdf3.o)
 .debug_frame   0x00001844       0x3c c:/program files (x86)/cypress/psoc creator/4.0/psoc creator/import/gnu/arm/4.9.3/bin/../lib/gcc/arm-none-eabi/4.9.3/armv6-m\libgcc.a(muldf3.o)
 .debug_frame   0x00001880       0x2c c:/program files (x86)/cypress/psoc creator/4.0/psoc creator/import/gnu/arm/4.9.3/bin/../lib/gcc/arm-none-eabi/4.9.3/armv6-m\libgcc.a(fixdfsi.o)
 .debug_frame   0x000018ac       0x2c c:/program files (x86)/cypress/psoc creator/4.0/psoc creator/import/gnu/arm/4.9.3/bin/../lib/gcc/arm-none-eabi/4.9.3/armv6-m\libgcc.a(floatsidf.o)
 .debug_frame   0x000018d8       0x20 c:/program files (x86)/cypress/psoc creator/4.0/psoc creator/import/gnu/arm/4.9.3/bin/../lib/gcc/arm-none-eabi/4.9.3/../../../../arm-none-eabi/lib/armv6-m\libg_nano.a(lib_a-errno.o)
 .debug_frame   0x000018f8       0x28 c:/program files (x86)/cypress/psoc creator/4.0/psoc creator/import/gnu/arm/4.9.3/bin/../lib/gcc/arm-none-eabi/4.9.3/../../../../arm-none-eabi/lib/armv6-m\libg_nano.a(lib_a-exit.o)
 .debug_frame   0x00001920       0x2c c:/program files (x86)/cypress/psoc creator/4.0/psoc creator/import/gnu/arm/4.9.3/bin/../lib/gcc/arm-none-eabi/4.9.3/../../../../arm-none-eabi/lib/armv6-m\libg_nano.a(lib_a-init.o)
 .debug_frame   0x0000194c       0x28 c:/program files (x86)/cypress/psoc creator/4.0/psoc creator/import/gnu/arm/4.9.3/bin/../lib/gcc/arm-none-eabi/4.9.3/../../../../arm-none-eabi/lib/armv6-m\libg_nano.a(lib_a-memcpy.o)
 .debug_frame   0x00001974       0x20 c:/program files (x86)/cypress/psoc creator/4.0/psoc creator/import/gnu/arm/4.9.3/bin/../lib/gcc/arm-none-eabi/4.9.3/../../../../arm-none-eabi/lib/armv6-m\libg_nano.a(lib_a-memset.o)
 .debug_frame   0x00001994       0x44 c:/program files (x86)/cypress/psoc creator/4.0/psoc creator/import/gnu/arm/4.9.3/bin/../lib/gcc/arm-none-eabi/4.9.3/../../../../arm-none-eabi/lib/armv6-m\libg_nano.a(lib_a-rand.o)
 .debug_frame   0x000019d8       0x30 c:/program files (x86)/cypress/psoc creator/4.0/psoc creator/import/gnu/arm/4.9.3/bin/../lib/gcc/arm-none-eabi/4.9.3/../../../../arm-none-eabi/lib/armv6-m\libg_nano.a(lib_a-s_modf.o)
 .debug_frame   0x00001a08       0x2c c:/program files (x86)/cypress/psoc creator/4.0/psoc creator/import/gnu/arm/4.9.3/bin/../lib/gcc/arm-none-eabi/4.9.3/../../../../arm-none-eabi/lib/armv6-m\libg_nano.a(lib_a-time.o)
 .debug_frame   0x00001a34       0x2c c:/program files (x86)/cypress/psoc creator/4.0/psoc creator/import/gnu/arm/4.9.3/bin/../lib/gcc/arm-none-eabi/4.9.3/../../../../arm-none-eabi/lib/armv6-m\libg_nano.a(lib_a-gettimeofdayr.o)
 .debug_frame   0x00001a60       0x40 c:/program files (x86)/cypress/psoc creator/4.0/psoc creator/import/gnu/arm/4.9.3/bin/../lib/gcc/arm-none-eabi/4.9.3/../../../../arm-none-eabi/lib/armv6-m\libg_nano.a(lib_a-malloc.o)
 .debug_frame   0x00001aa0       0x2c c:/program files (x86)/cypress/psoc creator/4.0/psoc creator/import/gnu/arm/4.9.3/bin/../lib/gcc/arm-none-eabi/4.9.3/../../../../arm-none-eabi/lib/armv6-m\libg_nano.a(lib_a-nano-freer.o)
 .debug_frame   0x00001acc       0x2c c:/program files (x86)/cypress/psoc creator/4.0/psoc creator/import/gnu/arm/4.9.3/bin/../lib/gcc/arm-none-eabi/4.9.3/../../../../arm-none-eabi/lib/armv6-m\libg_nano.a(lib_a-nano-mallocr.o)
 .debug_frame   0x00001af8       0x48 c:/program files (x86)/cypress/psoc creator/4.0/psoc creator/import/gnu/arm/4.9.3/bin/../lib/gcc/arm-none-eabi/4.9.3/../../../../arm-none-eabi/lib/armv6-m\libg_nano.a(lib_a-reent.o)
 .debug_frame   0x00001b40       0x2c c:/program files (x86)/cypress/psoc creator/4.0/psoc creator/import/gnu/arm/4.9.3/bin/../lib/gcc/arm-none-eabi/4.9.3/../../../../arm-none-eabi/lib/armv6-m\libg_nano.a(lib_a-sbrkr.o)
 .debug_frame   0x00001b6c       0x34 c:/program files (x86)/cypress/psoc creator/4.0/psoc creator/import/gnu/arm/4.9.3/bin/../lib/gcc/arm-none-eabi/4.9.3/armv6-m\libgcc.a(_muldi3.o)
 .debug_frame   0x00001ba0       0x3c c:/program files (x86)/cypress/psoc creator/4.0/psoc creator/import/gnu/arm/4.9.3/bin/../lib/gcc/arm-none-eabi/4.9.3/armv6-m\libgcc.a(subdf3.o)
 .debug_frame   0x00001bdc       0x20 c:/program files (x86)/cypress/psoc creator/4.0/psoc creator/import/gnu/arm/4.9.3/bin/../lib/gcc/arm-none-eabi/4.9.3/../../../../arm-none-eabi/lib/armv6-m\libnosys.a(gettod.o)

.debug_str      0x00000000     0x18b0
 *(.debug_str)
 .debug_str     0x00000000      0x215 .\CortexM0\ARM_GCC_493\Debug\main.o
                                0x255 (size before relaxing)
 .debug_str     0x00000215       0x5f .\CortexM0\ARM_GCC_493\Debug\cymetadata.o
                                0x1e5 (size before relaxing)
 .debug_str     0x00000274      0x12c .\CortexM0\ARM_GCC_493\Debug\Cm0Start.o
                                0x2d9 (size before relaxing)
 .debug_str     0x000003a0       0xca .\CortexM0\ARM_GCC_493\Debug\Design01.a(cyfitter_cfg.o)
                                0x277 (size before relaxing)
 .debug_str     0x0000046a       0xf1 .\CortexM0\ARM_GCC_493\Debug\Design01.a(SCB_1.o)
                                0x291 (size before relaxing)
 .debug_str     0x0000055b      0x13f .\CortexM0\ARM_GCC_493\Debug\Design01.a(SCB_1_SPI_UART.o)
                                0x2e3 (size before relaxing)
 .debug_str     0x0000069a      0x197 .\CortexM0\ARM_GCC_493\Debug\Design01.a(SCB_1_UART.o)
                                0x35e (size before relaxing)
 .debug_str     0x00000831      0x43d .\CortexM0\ARM_GCC_493\Debug\Design01.a(TCPWM_1.o)
                                0x5e3 (size before relaxing)
 .debug_str     0x00000c6e      0x53a .\CortexM0\ARM_GCC_493\Debug\Design01.a(CyLib.o)
                                0x70b (size before relaxing)
 .debug_str     0x000011a8      0x708 .\CortexM0\ARM_GCC_493\Debug\Design01.a(CyLFClk.o)
                                0x905 (size before relaxing)

.debug_loc
 *(.debug_loc)

.debug_macinfo
 *(.debug_macinfo)

.debug_ranges   0x00000000      0x620
 *(.debug_ranges)
 .debug_ranges  0x00000000       0x20 .\CortexM0\ARM_GCC_493\Debug\main.o
 .debug_ranges  0x00000020       0x38 .\CortexM0\ARM_GCC_493\Debug\Cm0Start.o
 .debug_ranges  0x00000058       0x40 .\CortexM0\ARM_GCC_493\Debug\Design01.a(cyfitter_cfg.o)
 .debug_ranges  0x00000098       0x50 .\CortexM0\ARM_GCC_493\Debug\Design01.a(SCB_1.o)
 .debug_ranges  0x000000e8       0x50 .\CortexM0\ARM_GCC_493\Debug\Design01.a(SCB_1_SPI_UART.o)
 .debug_ranges  0x00000138       0x78 .\CortexM0\ARM_GCC_493\Debug\Design01.a(SCB_1_UART.o)
 .debug_ranges  0x000001b0      0x148 .\CortexM0\ARM_GCC_493\Debug\Design01.a(TCPWM_1.o)
 .debug_ranges  0x000002f8      0x1a0 .\CortexM0\ARM_GCC_493\Debug\Design01.a(CyLib.o)
 .debug_ranges  0x00000498      0x188 .\CortexM0\ARM_GCC_493\Debug\Design01.a(CyLFClk.o)

.comment        0x00000000       0x70
 .comment       0x00000000       0x70 .\CortexM0\ARM_GCC_493\Debug\main.o
                                 0x71 (size before relaxing)
 .comment       0x00000000       0x71 .\CortexM0\ARM_GCC_493\Debug\cymetadata.o
 .comment       0x00000000       0x71 .\CortexM0\ARM_GCC_493\Debug\Cm0Start.o
 .comment       0x00000000       0x71 .\CortexM0\ARM_GCC_493\Debug\Design01.a(cyfitter_cfg.o)
 .comment       0x00000000       0x71 .\CortexM0\ARM_GCC_493\Debug\Design01.a(SCB_1.o)
 .comment       0x00000000       0x71 .\CortexM0\ARM_GCC_493\Debug\Design01.a(SCB_1_SPI_UART.o)
 .comment       0x00000000       0x71 .\CortexM0\ARM_GCC_493\Debug\Design01.a(SCB_1_UART.o)
 .comment       0x00000000       0x71 .\CortexM0\ARM_GCC_493\Debug\Design01.a(TCPWM_1.o)
 .comment       0x00000000       0x71 .\CortexM0\ARM_GCC_493\Debug\Design01.a(CyLib.o)
 .comment       0x00000000       0x71 .\CortexM0\ARM_GCC_493\Debug\Design01.a(CyLFClk.o)

.debug_weaknames
 *(.debug_weaknames)

.debug_funcnames
 *(.debug_funcnames)

.debug_typenames
 *(.debug_typenames)

.debug_varnames
 *(.debug_varnames)

.note.gnu.arm.ident
 *(.note.gnu.arm.ident)

.ARM.attributes
                0x00000000       0x28
 *(.ARM.attributes)
 .ARM.attributes
                0x00000000       0x1e c:/program files (x86)/cypress/psoc creator/4.0/psoc creator/import/gnu/arm/4.9.3/bin/../lib/gcc/arm-none-eabi/4.9.3/armv6-m/crti.o
 .ARM.attributes
                0x0000001e       0x2c c:/program files (x86)/cypress/psoc creator/4.0/psoc creator/import/gnu/arm/4.9.3/bin/../lib/gcc/arm-none-eabi/4.9.3/armv6-m/crtbegin.o
 .ARM.attributes
                0x0000004a       0x1b c:/program files (x86)/cypress/psoc creator/4.0/psoc creator/import/gnu/arm/4.9.3/bin/../lib/gcc/arm-none-eabi/4.9.3/../../../../arm-none-eabi/lib/armv6-m/crt0.o
 .ARM.attributes
                0x00000065       0x31 .\CortexM0\ARM_GCC_493\Debug\main.o
 .ARM.attributes
                0x00000096       0x31 .\CortexM0\ARM_GCC_493\Debug\cymetadata.o
 .ARM.attributes
                0x000000c7       0x31 .\CortexM0\ARM_GCC_493\Debug\Cm0Start.o
 .ARM.attributes
                0x000000f8       0x31 .\CortexM0\ARM_GCC_493\Debug\Design01.a(cyfitter_cfg.o)
 .ARM.attributes
                0x00000129       0x31 .\CortexM0\ARM_GCC_493\Debug\Design01.a(SCB_1.o)
 .ARM.attributes
                0x0000015a       0x31 .\CortexM0\ARM_GCC_493\Debug\Design01.a(SCB_1_SPI_UART.o)
 .ARM.attributes
                0x0000018b       0x31 .\CortexM0\ARM_GCC_493\Debug\Design01.a(SCB_1_UART.o)
 .ARM.attributes
                0x000001bc       0x31 .\CortexM0\ARM_GCC_493\Debug\Design01.a(TCPWM_1.o)
 .ARM.attributes
                0x000001ed       0x31 .\CortexM0\ARM_GCC_493\Debug\Design01.a(CyLib.o)
 .ARM.attributes
                0x0000021e       0x31 .\CortexM0\ARM_GCC_493\Debug\Design01.a(CyLFClk.o)
 .ARM.attributes
                0x0000024f       0x21 .\CortexM0\ARM_GCC_493\Debug\Design01.a(CyBootAsmGnu.o)
 .ARM.attributes
                0x00000270       0x1e c:/program files (x86)/cypress/psoc creator/4.0/psoc creator/import/gnu/arm/4.9.3/bin/../lib/gcc/arm-none-eabi/4.9.3/armv6-m\libgcc.a(_udivsi3.o)
 .ARM.attributes
                0x0000028e       0x1e c:/program files (x86)/cypress/psoc creator/4.0/psoc creator/import/gnu/arm/4.9.3/bin/../lib/gcc/arm-none-eabi/4.9.3/armv6-m\libgcc.a(_divsi3.o)
 .ARM.attributes
                0x000002ac       0x1e c:/program files (x86)/cypress/psoc creator/4.0/psoc creator/import/gnu/arm/4.9.3/bin/../lib/gcc/arm-none-eabi/4.9.3/armv6-m\libgcc.a(_dvmd_tls.o)
 .ARM.attributes
                0x000002ca       0x2c c:/program files (x86)/cypress/psoc creator/4.0/psoc creator/import/gnu/arm/4.9.3/bin/../lib/gcc/arm-none-eabi/4.9.3/armv6-m\libgcc.a(adddf3.o)
 .ARM.attributes
                0x000002f6       0x2c c:/program files (x86)/cypress/psoc creator/4.0/psoc creator/import/gnu/arm/4.9.3/bin/../lib/gcc/arm-none-eabi/4.9.3/armv6-m\libgcc.a(divdf3.o)
 .ARM.attributes
                0x00000322       0x2c c:/program files (x86)/cypress/psoc creator/4.0/psoc creator/import/gnu/arm/4.9.3/bin/../lib/gcc/arm-none-eabi/4.9.3/armv6-m\libgcc.a(muldf3.o)
 .ARM.attributes
                0x0000034e       0x2c c:/program files (x86)/cypress/psoc creator/4.0/psoc creator/import/gnu/arm/4.9.3/bin/../lib/gcc/arm-none-eabi/4.9.3/armv6-m\libgcc.a(fixdfsi.o)
 .ARM.attributes
                0x0000037a       0x2c c:/program files (x86)/cypress/psoc creator/4.0/psoc creator/import/gnu/arm/4.9.3/bin/../lib/gcc/arm-none-eabi/4.9.3/armv6-m\libgcc.a(floatsidf.o)
 .ARM.attributes
                0x000003a6       0x1e c:/program files (x86)/cypress/psoc creator/4.0/psoc creator/import/gnu/arm/4.9.3/bin/../lib/gcc/arm-none-eabi/4.9.3/armv6-m\libgcc.a(_clzsi2.o)
 .ARM.attributes
                0x000003c4       0x2c c:/program files (x86)/cypress/psoc creator/4.0/psoc creator/import/gnu/arm/4.9.3/bin/../lib/gcc/arm-none-eabi/4.9.3/../../../../arm-none-eabi/lib/armv6-m\libg_nano.a(lib_a-errno.o)
 .ARM.attributes
                0x000003f0       0x2c c:/program files (x86)/cypress/psoc creator/4.0/psoc creator/import/gnu/arm/4.9.3/bin/../lib/gcc/arm-none-eabi/4.9.3/../../../../arm-none-eabi/lib/armv6-m\libg_nano.a(lib_a-exit.o)
 .ARM.attributes
                0x0000041c       0x2c c:/program files (x86)/cypress/psoc creator/4.0/psoc creator/import/gnu/arm/4.9.3/bin/../lib/gcc/arm-none-eabi/4.9.3/../../../../arm-none-eabi/lib/armv6-m\libg_nano.a(lib_a-impure.o)
 .ARM.attributes
                0x00000448       0x2c c:/program files (x86)/cypress/psoc creator/4.0/psoc creator/import/gnu/arm/4.9.3/bin/../lib/gcc/arm-none-eabi/4.9.3/../../../../arm-none-eabi/lib/armv6-m\libg_nano.a(lib_a-init.o)
 .ARM.attributes
                0x00000474       0x2c c:/program files (x86)/cypress/psoc creator/4.0/psoc creator/import/gnu/arm/4.9.3/bin/../lib/gcc/arm-none-eabi/4.9.3/../../../../arm-none-eabi/lib/armv6-m\libg_nano.a(lib_a-memcpy.o)
 .ARM.attributes
                0x000004a0       0x2c c:/program files (x86)/cypress/psoc creator/4.0/psoc creator/import/gnu/arm/4.9.3/bin/../lib/gcc/arm-none-eabi/4.9.3/../../../../arm-none-eabi/lib/armv6-m\libg_nano.a(lib_a-memset.o)
 .ARM.attributes
                0x000004cc       0x2c c:/program files (x86)/cypress/psoc creator/4.0/psoc creator/import/gnu/arm/4.9.3/bin/../lib/gcc/arm-none-eabi/4.9.3/../../../../arm-none-eabi/lib/armv6-m\libg_nano.a(lib_a-rand.o)
 .ARM.attributes
                0x000004f8       0x2c c:/program files (x86)/cypress/psoc creator/4.0/psoc creator/import/gnu/arm/4.9.3/bin/../lib/gcc/arm-none-eabi/4.9.3/../../../../arm-none-eabi/lib/armv6-m\libg_nano.a(lib_a-s_modf.o)
 .ARM.attributes
                0x00000524       0x2c c:/program files (x86)/cypress/psoc creator/4.0/psoc creator/import/gnu/arm/4.9.3/bin/../lib/gcc/arm-none-eabi/4.9.3/../../../../arm-none-eabi/lib/armv6-m\libg_nano.a(lib_a-time.o)
 .ARM.attributes
                0x00000550       0x2c c:/program files (x86)/cypress/psoc creator/4.0/psoc creator/import/gnu/arm/4.9.3/bin/../lib/gcc/arm-none-eabi/4.9.3/../../../../arm-none-eabi/lib/armv6-m\libg_nano.a(lib_a-gettimeofdayr.o)
 .ARM.attributes
                0x0000057c       0x2c c:/program files (x86)/cypress/psoc creator/4.0/psoc creator/import/gnu/arm/4.9.3/bin/../lib/gcc/arm-none-eabi/4.9.3/../../../../arm-none-eabi/lib/armv6-m\libg_nano.a(lib_a-malloc.o)
 .ARM.attributes
                0x000005a8       0x2c c:/program files (x86)/cypress/psoc creator/4.0/psoc creator/import/gnu/arm/4.9.3/bin/../lib/gcc/arm-none-eabi/4.9.3/../../../../arm-none-eabi/lib/armv6-m\libg_nano.a(lib_a-nano-freer.o)
 .ARM.attributes
                0x000005d4       0x2c c:/program files (x86)/cypress/psoc creator/4.0/psoc creator/import/gnu/arm/4.9.3/bin/../lib/gcc/arm-none-eabi/4.9.3/../../../../arm-none-eabi/lib/armv6-m\libg_nano.a(lib_a-nano-mallocr.o)
 .ARM.attributes
                0x00000600       0x2c c:/program files (x86)/cypress/psoc creator/4.0/psoc creator/import/gnu/arm/4.9.3/bin/../lib/gcc/arm-none-eabi/4.9.3/../../../../arm-none-eabi/lib/armv6-m\libg_nano.a(lib_a-reent.o)
 .ARM.attributes
                0x0000062c       0x2c c:/program files (x86)/cypress/psoc creator/4.0/psoc creator/import/gnu/arm/4.9.3/bin/../lib/gcc/arm-none-eabi/4.9.3/../../../../arm-none-eabi/lib/armv6-m\libg_nano.a(lib_a-sbrkr.o)
 .ARM.attributes
                0x00000658       0x2c c:/program files (x86)/cypress/psoc creator/4.0/psoc creator/import/gnu/arm/4.9.3/bin/../lib/gcc/arm-none-eabi/4.9.3/armv6-m\libgcc.a(_muldi3.o)
 .ARM.attributes
                0x00000684       0x2c c:/program files (x86)/cypress/psoc creator/4.0/psoc creator/import/gnu/arm/4.9.3/bin/../lib/gcc/arm-none-eabi/4.9.3/armv6-m\libgcc.a(subdf3.o)
 .ARM.attributes
                0x000006b0       0x2c c:/program files (x86)/cypress/psoc creator/4.0/psoc creator/import/gnu/arm/4.9.3/bin/../lib/gcc/arm-none-eabi/4.9.3/armv6-m/crtend.o
 .ARM.attributes
                0x000006dc       0x1e c:/program files (x86)/cypress/psoc creator/4.0/psoc creator/import/gnu/arm/4.9.3/bin/../lib/gcc/arm-none-eabi/4.9.3/armv6-m/crtn.o
 .ARM.attributes
                0x000006fa       0x2c c:/program files (x86)/cypress/psoc creator/4.0/psoc creator/import/gnu/arm/4.9.3/bin/../lib/gcc/arm-none-eabi/4.9.3/../../../../arm-none-eabi/lib/armv6-m\libnosys.a(gettod.o)

/DISCARD/
 *(.note.GNU-stack)
OUTPUT(.\CortexM0\ARM_GCC_493\Debug\Design01.elf elf32-littlearm)
